  Determinando los proyectos que se van a restaurar...
  Todos los proyectos est├ín actualizados para la restauraci├│n.
  SanPatricioRugby.Models -> C:\Users\Agustin\.gemini\antigravity\scratch\SanPatricioRugby\SanPatricioRugby.Models\bin\Debug\net9.0\SanPatricioRugby.Models.dll
  SanPatricioRugby.DAL -> C:\Users\Agustin\.gemini\antigravity\scratch\SanPatricioRugby\SanPatricioRugby.DAL\bin\Debug\net9.0\SanPatricioRugby.DAL.dll
  SanPatricioRugby.BLL -> C:\Users\Agustin\.gemini\antigravity\scratch\SanPatricioRugby\SanPatricioRugby.BLL\bin\Debug\net9.0\SanPatricioRugby.BLL.dll
  SanPatricioRugby.Web -> C:\Users\Agustin\.gemini\antigravity\scratch\SanPatricioRugby\SanPatricioRugby.Web\bin\Debug\net9.0\SanPatricioRugby.Web.dll

Compilaci├│n correcta.
    0 Advertencia(s)
    0 Errores

Tiempo transcurrido 00:00:02.51
